---
source: src/parser/mod.rs
expression: "parse(\"aeon_examples/modules.aeon\")"
---
Err(
    UnexpectedToken(
        Dot,
    ),
)
